// Jest Snapshot v1, https://goo.gl/fbAQLP

exports[`should take a snapshot 1`] = `
<DocumentFragment>
  <h2>
    User Credit Cards
  </h2>
  <button>
    Load Credit Cards
  </button>
  <div
    style="height: 40px;"
  />
</DocumentFragment>
`;
